// Jest Snapshot v1, https://goo.gl/fbAQLP

exports[`Search action should create a select action 1`] = `
Object {
  "payload": Object {
    "itemIndex": 666,
    "sectionIndex": 42,
  },
  "type": "TDP_SEARCH_SELECT",
}
`;

exports[`Search action should create a select action 2`] = `
Object {
  "type": "TDP_SEARCH_RESET",
}
`;

exports[`Search action should create a start action 1`] = `
Object {
  "payload": "test",
  "type": "TDP_SEARCH",
}
`;
